[NX v21.1.2 Daemon Server] - 2026-05-24T19:35:01.929Z - Started listening on: /var/folders/8k/xw46d2r95dx_s4n7t52sn8vc0000gn/T/5ead68cad4e24f4afc6f/d.sock
[NX v21.1.2 Daemon Server] - 2026-05-24T19:35:01.931Z - [WATCHER]: Subscribed to changes within: /Users/michael_hladky/WebstormProjects/angular-movies (native)
[NX v21.1.2 Daemon Server] - 2026-05-24T19:35:01.931Z - Established a connection. Number of open connections: 1
[NX v21.1.2 Daemon Server] - 2026-05-24T19:35:01.932Z - Established a connection. Number of open connections: 2
[NX v21.1.2 Daemon Server] - 2026-05-24T19:35:01.932Z - Closed a connection. Number of open connections: 1
[NX v21.1.2 Daemon Server] - 2026-05-24T19:35:01.933Z - [REQUEST]: Client Request for Project Graph Received
[NX v21.1.2 Daemon Server] - 2026-05-24T19:35:01.935Z - Time taken for 'loadSpecifiedNxPlugins' 0.8776670000000024ms
[NX v21.1.2 Daemon Server] - 2026-05-24T19:35:01.991Z - [WATCHER]: Processing file changes in outputs
[NX v21.1.2 Daemon Server] - 2026-05-24T19:35:02.004Z - Time taken for 'Load Nx Plugin: /Users/michael_hladky/node_modules/nx/src/plugins/package-json' 70.59275ms
[NX v21.1.2 Daemon Server] - 2026-05-24T19:35:02.005Z - Time taken for 'Load Nx Plugin: /Users/michael_hladky/node_modules/nx/src/plugins/project-json/build-nodes/project-json' 70.558833ms
[NX v21.1.2 Daemon Server] - 2026-05-24T19:35:02.012Z - [REQUEST]: Updated workspace context based on watched changes, recomputing project graph...
[NX v21.1.2 Daemon Server] - 2026-05-24T19:35:02.012Z - [REQUEST]: 
[NX v21.1.2 Daemon Server] - 2026-05-24T19:35:02.012Z - [REQUEST]: 
[NX v21.1.2 Daemon Server] - 2026-05-24T19:35:02.015Z - Time taken for 'loadDefaultNxPlugins' 78.73074999999999ms
[NX v21.1.2 Daemon Server] - 2026-05-24T19:35:02.052Z - Time taken for 'build-project-configs' 28.20991699999999ms
[NX v21.1.2 Daemon Server] - 2026-05-24T19:35:02.102Z - [SYNC]: collect registered sync generators
[NX v21.1.2 Daemon Server] - 2026-05-24T19:35:02.102Z - [REQUEST]: Responding to the client. project-graph
[NX v21.1.2 Daemon Server] - 2026-05-24T19:35:02.103Z - Time taken for 'total for creating and serializing project graph' 169.366667ms
[NX v21.1.2 Daemon Server] - 2026-05-24T19:35:02.105Z - Done responding to the client project-graph
[NX v21.1.2 Daemon Server] - 2026-05-24T19:35:02.105Z - Handled REQUEST_PROJECT_GRAPH. Handling time: 169. Response time: 3.
[NX v21.1.2 Daemon Server] - 2026-05-24T19:35:02.123Z - Closed a connection. Number of open connections: 0
[NX v21.1.2 Daemon Server] - 2026-05-24T19:35:11.861Z - Established a connection. Number of open connections: 1
[NX v21.1.2 Daemon Server] - 2026-05-24T19:35:11.861Z - Closed a connection. Number of open connections: 0
[NX v21.1.2 Daemon Server] - 2026-05-24T19:35:11.862Z - Established a connection. Number of open connections: 1
[NX v21.1.2 Daemon Server] - 2026-05-24T19:35:11.862Z - [REQUEST]: Client Request for Project Graph Received
[NX v21.1.2 Daemon Server] - 2026-05-24T19:35:11.863Z - [REQUEST]: Responding to the client. project-graph
[NX v21.1.2 Daemon Server] - 2026-05-24T19:35:11.863Z - Time taken for 'total for creating and serializing project graph' 0.0974580000001879ms
[NX v21.1.2 Daemon Server] - 2026-05-24T19:35:11.865Z - Done responding to the client project-graph
[NX v21.1.2 Daemon Server] - 2026-05-24T19:35:11.865Z - Handled REQUEST_PROJECT_GRAPH. Handling time: 1. Response time: 2.
[NX v21.1.2 Daemon Server] - 2026-05-24T19:35:11.869Z - [REQUEST]: Responding to the client. handleRunPreTasksExecution
[NX v21.1.2 Daemon Server] - 2026-05-24T19:35:11.869Z - Done responding to the client handleRunPreTasksExecution
[NX v21.1.2 Daemon Server] - 2026-05-24T19:35:11.869Z - Handled PRE_TASKS_EXECUTION. Handling time: 0. Response time: 0.
[NX v21.1.2 Daemon Server] - 2026-05-24T19:35:11.869Z - Time taken for 'preTasksExecution' 0.1867500000007567ms
[NX v21.1.2 Daemon Server] - 2026-05-24T19:35:11.903Z - Closed a connection. Number of open connections: 0
[NX v21.1.2 Daemon Server] - 2026-05-24T19:35:48.675Z - Established a connection. Number of open connections: 1
[NX v21.1.2 Daemon Server] - 2026-05-24T19:35:48.676Z - Established a connection. Number of open connections: 2
[NX v21.1.2 Daemon Server] - 2026-05-24T19:35:48.677Z - Closed a connection. Number of open connections: 1
[NX v21.1.2 Daemon Server] - 2026-05-24T19:35:48.683Z - [REQUEST]: Client Request for Project Graph Received
[NX v21.1.2 Daemon Server] - 2026-05-24T19:35:48.683Z - [REQUEST]: Responding to the client. project-graph
[NX v21.1.2 Daemon Server] - 2026-05-24T19:35:48.684Z - Time taken for 'total for creating and serializing project graph' 0.17695800000365125ms
[NX v21.1.2 Daemon Server] - 2026-05-24T19:35:48.703Z - Done responding to the client project-graph
[NX v21.1.2 Daemon Server] - 2026-05-24T19:35:48.703Z - Handled REQUEST_PROJECT_GRAPH. Handling time: 0. Response time: 20.
[NX v21.1.2 Daemon Server] - 2026-05-24T19:35:48.708Z - [REQUEST]: Client Request for Project Graph Received
[NX v21.1.2 Daemon Server] - 2026-05-24T19:35:48.708Z - [REQUEST]: Responding to the client. project-graph
[NX v21.1.2 Daemon Server] - 2026-05-24T19:35:48.710Z - Time taken for 'total for creating and serializing project graph' 0.14854100000229664ms
[NX v21.1.2 Daemon Server] - 2026-05-24T19:35:48.719Z - Done responding to the client project-graph
[NX v21.1.2 Daemon Server] - 2026-05-24T19:35:48.719Z - Handled REQUEST_PROJECT_GRAPH. Handling time: 0. Response time: 11.
[NX v21.1.2 Daemon Server] - 2026-05-24T19:35:48.735Z - [REQUEST]: Client Request for Project Graph Received
[NX v21.1.2 Daemon Server] - 2026-05-24T19:35:48.735Z - [REQUEST]: Responding to the client. project-graph
[NX v21.1.2 Daemon Server] - 2026-05-24T19:35:48.736Z - Time taken for 'total for creating and serializing project graph' 0.17025000000285218ms
[NX v21.1.2 Daemon Server] - 2026-05-24T19:35:48.742Z - Done responding to the client project-graph
[NX v21.1.2 Daemon Server] - 2026-05-24T19:35:48.742Z - Handled REQUEST_PROJECT_GRAPH. Handling time: 0. Response time: 7.
[NX v21.1.2 Daemon Server] - 2026-05-24T19:35:48.746Z - Established a connection. Number of open connections: 2
[NX v21.1.2 Daemon Server] - 2026-05-24T19:35:48.747Z - [REQUEST]: Client Request for Project Graph Received
[NX v21.1.2 Daemon Server] - 2026-05-24T19:35:48.747Z - [REQUEST]: Responding to the client. project-graph
[NX v21.1.2 Daemon Server] - 2026-05-24T19:35:48.748Z - Time taken for 'total for creating and serializing project graph' 0.15649999999732245ms
[NX v21.1.2 Daemon Server] - 2026-05-24T19:35:48.759Z - Done responding to the client project-graph
[NX v21.1.2 Daemon Server] - 2026-05-24T19:35:48.759Z - Handled REQUEST_PROJECT_GRAPH. Handling time: 0. Response time: 12.
[NX v21.1.2 Daemon Server] - 2026-05-24T19:35:49.372Z - [WATCHER]: Processing file changes in outputs
[NX v21.1.2 Daemon Server] - 2026-05-24T19:36:15.068Z - Closed a connection. Number of open connections: 1
[NX v21.1.2 Daemon Server] - 2026-05-24T19:36:15.072Z - Closed a connection. Number of open connections: 0
[NX v21.1.2 Daemon Server] - 2026-05-24T19:36:22.385Z - Established a connection. Number of open connections: 1
[NX v21.1.2 Daemon Server] - 2026-05-24T19:36:22.386Z - Closed a connection. Number of open connections: 0
[NX v21.1.2 Daemon Server] - 2026-05-24T19:36:22.386Z - Established a connection. Number of open connections: 1
[NX v21.1.2 Daemon Server] - 2026-05-24T19:36:22.387Z - [REQUEST]: Client Request for Project Graph Received
[NX v21.1.2 Daemon Server] - 2026-05-24T19:36:22.388Z - [REQUEST]: Responding to the client. project-graph
[NX v21.1.2 Daemon Server] - 2026-05-24T19:36:22.388Z - Time taken for 'total for creating and serializing project graph' 0.1339999999909196ms
[NX v21.1.2 Daemon Server] - 2026-05-24T19:36:22.392Z - Done responding to the client project-graph
[NX v21.1.2 Daemon Server] - 2026-05-24T19:36:22.392Z - Handled REQUEST_PROJECT_GRAPH. Handling time: 1. Response time: 4.
[NX v21.1.2 Daemon Server] - 2026-05-24T19:36:22.399Z - Closed a connection. Number of open connections: 0
[NX v21.1.2 Daemon Server] - 2026-05-24T19:36:27.249Z - Established a connection. Number of open connections: 1
[NX v21.1.2 Daemon Server] - 2026-05-24T19:36:27.249Z - Closed a connection. Number of open connections: 0
[NX v21.1.2 Daemon Server] - 2026-05-24T19:36:27.249Z - Established a connection. Number of open connections: 1
[NX v21.1.2 Daemon Server] - 2026-05-24T19:36:27.250Z - [REQUEST]: Client Request for Project Graph Received
[NX v21.1.2 Daemon Server] - 2026-05-24T19:36:27.250Z - [REQUEST]: Responding to the client. project-graph
[NX v21.1.2 Daemon Server] - 2026-05-24T19:36:27.251Z - Time taken for 'total for creating and serializing project graph' 0.10391700000036508ms
[NX v21.1.2 Daemon Server] - 2026-05-24T19:36:27.255Z - Done responding to the client project-graph
[NX v21.1.2 Daemon Server] - 2026-05-24T19:36:27.255Z - Handled REQUEST_PROJECT_GRAPH. Handling time: 0. Response time: 5.
[NX v21.1.2 Daemon Server] - 2026-05-24T19:36:27.259Z - [REQUEST]: Responding to the client. handleRunPreTasksExecution
[NX v21.1.2 Daemon Server] - 2026-05-24T19:36:27.259Z - Done responding to the client handleRunPreTasksExecution
[NX v21.1.2 Daemon Server] - 2026-05-24T19:36:27.259Z - Handled PRE_TASKS_EXECUTION. Handling time: 0. Response time: 0.
[NX v21.1.2 Daemon Server] - 2026-05-24T19:36:27.259Z - Time taken for 'preTasksExecution' 0.05183299999043811ms
[NX v21.1.2 Daemon Server] - 2026-05-24T19:36:27.291Z - Closed a connection. Number of open connections: 0
[NX v21.1.2 Daemon Server] - 2026-05-24T19:38:34.815Z - Established a connection. Number of open connections: 1
[NX v21.1.2 Daemon Server] - 2026-05-24T19:38:34.815Z - Closed a connection. Number of open connections: 0
[NX v21.1.2 Daemon Server] - 2026-05-24T19:38:34.815Z - Established a connection. Number of open connections: 1
[NX v21.1.2 Daemon Server] - 2026-05-24T19:38:34.817Z - [REQUEST]: Client Request for Project Graph Received
[NX v21.1.2 Daemon Server] - 2026-05-24T19:38:34.818Z - [REQUEST]: Responding to the client. project-graph
[NX v21.1.2 Daemon Server] - 2026-05-24T19:38:34.820Z - Time taken for 'total for creating and serializing project graph' 0.3231249999953434ms
[NX v21.1.2 Daemon Server] - 2026-05-24T19:38:34.822Z - Done responding to the client project-graph
[NX v21.1.2 Daemon Server] - 2026-05-24T19:38:34.822Z - Handled REQUEST_PROJECT_GRAPH. Handling time: 1. Response time: 4.
[NX v21.1.2 Daemon Server] - 2026-05-24T19:38:34.827Z - [REQUEST]: Responding to the client. handleRunPreTasksExecution
[NX v21.1.2 Daemon Server] - 2026-05-24T19:38:34.828Z - Done responding to the client handleRunPreTasksExecution
[NX v21.1.2 Daemon Server] - 2026-05-24T19:38:34.828Z - Handled PRE_TASKS_EXECUTION. Handling time: 0. Response time: 1.
[NX v21.1.2 Daemon Server] - 2026-05-24T19:38:34.828Z - Time taken for 'preTasksExecution' 0.1572089999972377ms
[NX v21.1.2 Daemon Server] - 2026-05-24T19:38:34.850Z - Closed a connection. Number of open connections: 0
[NX v21.1.2 Daemon Server] - 2026-05-24T19:41:43.201Z - Established a connection. Number of open connections: 1
[NX v21.1.2 Daemon Server] - 2026-05-24T19:41:43.202Z - Established a connection. Number of open connections: 2
[NX v21.1.2 Daemon Server] - 2026-05-24T19:41:43.202Z - Closed a connection. Number of open connections: 1
[NX v21.1.2 Daemon Server] - 2026-05-24T19:41:43.205Z - [REQUEST]: Client Request for Project Graph Received
[NX v21.1.2 Daemon Server] - 2026-05-24T19:41:43.205Z - [REQUEST]: Responding to the client. project-graph
[NX v21.1.2 Daemon Server] - 2026-05-24T19:41:43.207Z - Time taken for 'total for creating and serializing project graph' 0.44345800002338365ms
[NX v21.1.2 Daemon Server] - 2026-05-24T19:41:43.210Z - Done responding to the client project-graph
[NX v21.1.2 Daemon Server] - 2026-05-24T19:41:43.210Z - Handled REQUEST_PROJECT_GRAPH. Handling time: 0. Response time: 5.
[NX v21.1.2 Daemon Server] - 2026-05-24T19:41:43.216Z - [REQUEST]: Responding to the client. handleRunPreTasksExecution
[NX v21.1.2 Daemon Server] - 2026-05-24T19:41:43.216Z - Done responding to the client handleRunPreTasksExecution
[NX v21.1.2 Daemon Server] - 2026-05-24T19:41:43.216Z - Handled PRE_TASKS_EXECUTION. Handling time: 0. Response time: 0.
[NX v21.1.2 Daemon Server] - 2026-05-24T19:41:43.216Z - Time taken for 'preTasksExecution' 0.15020899998489767ms
[NX v21.1.2 Daemon Server] - 2026-05-24T19:41:43.247Z - Closed a connection. Number of open connections: 0
[NX v21.1.2 Daemon Server] - 2026-05-24T19:43:02.127Z - [WATCHER]: package-lock.json was modified
[NX v21.1.2 Daemon Server] - 2026-05-24T19:43:02.128Z - [WATCHER]: Processing file changes in outputs
[NX v21.1.2 Daemon Server] - 2026-05-24T19:43:02.230Z - [REQUEST]: Updated workspace context based on watched changes, recomputing project graph...
[NX v21.1.2 Daemon Server] - 2026-05-24T19:43:02.230Z - [REQUEST]: package-lock.json
[NX v21.1.2 Daemon Server] - 2026-05-24T19:43:02.230Z - [REQUEST]: 
[NX v21.1.2 Daemon Server] - 2026-05-24T19:43:02.333Z - Time taken for 'hash changed files from watcher' 1.482832999958191ms
[NX v21.1.2 Daemon Server] - 2026-05-24T19:43:02.363Z - Time taken for 'build-project-configs' 26.322999999974854ms
[NX v21.1.2 Daemon Server] - 2026-05-24T19:43:02.396Z - [SYNC]: collect registered sync generators
[NX v21.1.2 Daemon Server] - 2026-05-24T19:43:02.396Z - [SYNC]: project graph hash is the same, not collecting task sync generators
[NX v21.1.2 Daemon Server] - 2026-05-24T19:43:02.396Z - [SYNC]: nx.json hash is the same, not collecting global sync generators
[NX v21.1.2 Daemon Server] - 2026-05-24T19:43:02.396Z - Time taken for 'total execution time for createProjectGraph()' 25.328125ms
[NX v21.1.2 Daemon Server] - 2026-05-24T19:43:02.502Z - [WATCHER]: 2 file(s) created or restored, 0 file(s) modified, 0 file(s) deleted
[NX v21.1.2 Daemon Server] - 2026-05-24T19:43:02.502Z - [WATCHER]: Processing file changes in outputs
[NX v21.1.2 Daemon Server] - 2026-05-24T19:43:02.502Z - [WATCHER]: Stopping the watcher for /Users/michael_hladky/WebstormProjects/angular-movies (sources)
[NX v21.1.2 Daemon Server] - 2026-05-24T19:43:02.502Z - [WATCHER]: Stopping the watcher for /Users/michael_hladky/WebstormProjects/angular-movies (outputs)
[NX v21.1.2 Daemon Server] - 2026-05-24T19:43:02.503Z - Server stopped because: "Stopping the daemon the set of ignored files changed (native)"
